2025-08-11 09:14:47,316 - Knowledge - INFO - Redis support added with prefix knowledge:b3094or:
2025-08-11 09:14:47,450 - Knowledge - INFO - load persisted knowledge: begin
2025-08-11 09:14:47,457 - Knowledge - INFO - load persisted knowledge: end
2025-08-11 09:14:47,457 - Knowledge - INFO - load persisted docinfo: begin
2025-08-11 09:14:47,460 - Knowledge - INFO - load persisted docinfo: end
2025-08-11 09:14:47,496 - Knowledge - INFO - worker kw1 created with dedicated MongoDB connection (total: 1)
2025-08-11 09:14:47,500 - Knowledge - INFO - knowledge worker kw1 start
2025-08-11 09:14:47,504 - Knowledge - INFO - worker kw1 pull /app/data/b2c/4878/b3094or/react-notes-app-4878/src/App.js from ingest queue
2025-08-11 09:14:47,505 - Knowledge - INFO - worker kw2 created with dedicated MongoDB connection (total: 2)
2025-08-11 09:14:47,514 - Knowledge - INFO - knowledge worker kw2 start
2025-08-11 09:14:47,515 - Knowledge - INFO - worker kw2 pull /app/data/b2c/4878/b3094or/react-notes-app-4878/src/components/NotesList.js from ingest queue
2025-08-11 09:14:47,527 - Knowledge - INFO - worker kw3 created with dedicated MongoDB connection (total: 3)
2025-08-11 09:14:47,528 - Knowledge - INFO - knowledge worker kw3 start
2025-08-11 09:14:47,529 - Knowledge - INFO - worker kw3 pull /app/data/b2c/4878/b3094or/react-notes-app-4878/src/components/Header.js from ingest queue
2025-08-11 09:14:47,530 - Knowledge - INFO - worker kw4 created with dedicated MongoDB connection (total: 4)
2025-08-11 09:14:47,531 - Knowledge - INFO - knowledge worker kw4 start
2025-08-11 09:14:47,532 - Knowledge - INFO - worker kw5 created with dedicated MongoDB connection (total: 5)
2025-08-11 09:14:47,533 - Knowledge - INFO - knowledge worker kw5 start
2025-08-11 09:14:47,534 - Knowledge - INFO - worker kw6 created with dedicated MongoDB connection (total: 6)
2025-08-11 09:14:47,535 - Knowledge - INFO - knowledge worker kw6 start
2025-08-11 09:14:47,544 - Knowledge - INFO - worker kw7 created with dedicated MongoDB connection (total: 7)
2025-08-11 09:14:47,545 - Knowledge - INFO - knowledge worker kw7 start
2025-08-11 09:14:47,546 - Knowledge - INFO - worker kw7 pull /app/data/b2c/4878/b3094or/react-notes-app-4878/src/components/AddNote.js from ingest queue
2025-08-11 09:14:47,556 - Knowledge - INFO - worker kw5 pull /app/data/b2c/4878/b3094or/react-notes-app-4878/src/components/Note.js from ingest queue
2025-08-11 09:14:47,565 - Knowledge - INFO - worker kw8 created with dedicated MongoDB connection (total: 8)
2025-08-11 09:14:47,565 - Knowledge - INFO - knowledge worker kw8 start
2025-08-11 09:14:47,568 - Knowledge - INFO - worker kw6 pull /app/data/b2c/4878/b3094or/react-notes-app-4878/src/components/Search.js from ingest queue
2025-08-11 09:14:47,588 - Knowledge - INFO - worker kw8 pull /app/data/b2c/4878/b3094or/react-notes-app-4878/src/index.js from ingest queue
2025-08-11 09:14:47,597 - Knowledge - INFO - worker kw9 created with dedicated MongoDB connection (total: 9)
2025-08-11 09:14:47,601 - Knowledge - INFO - knowledge worker kw9 start
2025-08-11 09:14:47,601 - Knowledge - INFO - worker kw9 pull /app/data/b2c/4878/b3094or/react-notes-app-4878/src/index.css from ingest queue
2025-08-11 09:14:47,607 - Knowledge - INFO - worker kw10 created with dedicated MongoDB connection (total: 10)
2025-08-11 09:14:47,612 - Knowledge - INFO - knowledge worker kw10 start
2025-08-11 09:14:47,633 - Knowledge - INFO - worker kw11 created with dedicated MongoDB connection (total: 11)
2025-08-11 09:14:47,635 - Knowledge - INFO - worker kw4 pull /app/data/b2c/4878/b3094or/react-notes-app-4878/package.json from ingest queue
2025-08-11 09:14:47,640 - Knowledge - INFO - knowledge worker kw11 start
2025-08-11 09:14:47,642 - Knowledge - INFO - worker kw11 pull /app/data/b2c/4878/b3094or/react-notes-app-4878/README.md from ingest queue
2025-08-11 09:14:47,644 - Knowledge - INFO - worker kw10 pull /app/data/b2c/4878/b3094or/react-notes-app-4878/public/index.html from ingest queue
2025-08-11 09:14:47,647 - Knowledge - INFO - worker kw12 created with dedicated MongoDB connection (total: 12)
2025-08-11 09:14:47,650 - Knowledge - INFO - knowledge worker kw12 start
2025-08-11 09:14:47,654 - Knowledge - INFO - worker kw12 pull /app/data/b2c/4878/b3094or/react-notes-app-4878/public/robots.txt from ingest queue
2025-08-11 09:14:47,672 - Knowledge - INFO - worker kw13 created with dedicated MongoDB connection (total: 13)
2025-08-11 09:14:47,675 - Knowledge - INFO - knowledge worker kw13 start
2025-08-11 09:14:47,689 - Knowledge - INFO - worker kw13 pull /app/data/b2c/4878/b3094or/react-notes-app-4878/public/manifest.json from ingest queue
2025-08-11 09:14:47,714 - Knowledge - INFO - process ingested knowledge for /app/data/b2c/4878/b3094or/react-notes-app-4878/package.json
2025-08-11 09:14:47,715 - Knowledge - INFO - process ingested knowledge for /app/data/b2c/4878/b3094or/react-notes-app-4878/src/index.css
2025-08-11 09:14:47,731 - Knowledge - INFO - process ingested knowledge for /app/data/b2c/4878/b3094or/react-notes-app-4878/src/App.js
2025-08-11 09:14:47,734 - Knowledge - INFO - process ingested knowledge for /app/data/b2c/4878/b3094or/react-notes-app-4878/src/components/NotesList.js
2025-08-11 09:14:47,741 - Knowledge - INFO - process ingested knowledge for /app/data/b2c/4878/b3094or/react-notes-app-4878/README.md
2025-08-11 09:14:47,748 - Knowledge - INFO - process ingested knowledge for /app/data/b2c/4878/b3094or/react-notes-app-4878/src/components/Note.js
2025-08-11 09:14:47,752 - Knowledge - INFO - Found code-base-name: https://github.com/kavia-common/react-notes-app-4878.git:kavia-master
2025-08-11 09:14:47,752 - Knowledge - INFO - Found code_base: <app.utils.kg_build.knowledge.KnowledgeCodeBase object at 0x7f4f94a8ce50>
2025-08-11 09:14:47,752 - Knowledge - INFO - persist ingested knowledge for /app/data/b2c/4878/b3094or/react-notes-app-4878/src/App.js
2025-08-11 09:14:47,759 - Knowledge - INFO - process ingested knowledge for /app/data/b2c/4878/b3094or/react-notes-app-4878/src/components/Header.js
2025-08-11 09:14:47,791 - Knowledge - INFO - process ingested knowledge for /app/data/b2c/4878/b3094or/react-notes-app-4878/public/manifest.json
2025-08-11 09:14:47,803 - Knowledge - INFO - process ingested knowledge for /app/data/b2c/4878/b3094or/react-notes-app-4878/src/index.js
2025-08-11 09:14:47,804 - Knowledge - INFO - process ingested knowledge for /app/data/b2c/4878/b3094or/react-notes-app-4878/public/index.html
2025-08-11 09:14:47,810 - Knowledge - INFO - process ingested knowledge for /app/data/b2c/4878/b3094or/react-notes-app-4878/public/robots.txt
2025-08-11 09:14:47,811 - Knowledge - INFO - process ingested knowledge for /app/data/b2c/4878/b3094or/react-notes-app-4878/src/components/AddNote.js
2025-08-11 09:14:47,812 - Knowledge - INFO - process ingested knowledge for /app/data/b2c/4878/b3094or/react-notes-app-4878/src/components/Search.js
2025-08-11 09:14:47,867 - Knowledge - INFO - Found code-base-name: https://github.com/kavia-common/react-notes-app-4878.git:kavia-master
2025-08-11 09:14:47,868 - Knowledge - INFO - Found code_base: <app.utils.kg_build.knowledge.KnowledgeCodeBase object at 0x7f4f94a8ce50>
2025-08-11 09:14:47,868 - Knowledge - INFO - persist ingested knowledge for /app/data/b2c/4878/b3094or/react-notes-app-4878/src/index.css
2025-08-11 09:14:47,992 - Knowledge - INFO - Found code-base-name: https://github.com/kavia-common/react-notes-app-4878.git:kavia-master
2025-08-11 09:14:47,993 - Knowledge - INFO - Found code_base: <app.utils.kg_build.knowledge.KnowledgeCodeBase object at 0x7f4f94a8ce50>
2025-08-11 09:14:47,993 - Knowledge - INFO - persist ingested knowledge for /app/data/b2c/4878/b3094or/react-notes-app-4878/src/components/NotesList.js
2025-08-11 09:14:47,994 - Knowledge - INFO - Found code-base-name: https://github.com/kavia-common/react-notes-app-4878.git:kavia-master
2025-08-11 09:14:47,994 - Knowledge - INFO - Found code_base: <app.utils.kg_build.knowledge.KnowledgeCodeBase object at 0x7f4f94a8ce50>
2025-08-11 09:14:47,994 - Knowledge - INFO - persist ingested knowledge for /app/data/b2c/4878/b3094or/react-notes-app-4878/README.md
2025-08-11 09:14:47,994 - Knowledge - INFO - Found code-base-name: https://github.com/kavia-common/react-notes-app-4878.git:kavia-master
2025-08-11 09:14:47,994 - Knowledge - INFO - Found code_base: <app.utils.kg_build.knowledge.KnowledgeCodeBase object at 0x7f4f94a8ce50>
2025-08-11 09:14:47,994 - Knowledge - INFO - persist ingested knowledge for /app/data/b2c/4878/b3094or/react-notes-app-4878/src/components/Header.js
2025-08-11 09:14:47,994 - Knowledge - INFO - Found code-base-name: https://github.com/kavia-common/react-notes-app-4878.git:kavia-master
2025-08-11 09:14:47,994 - Knowledge - INFO - Found code_base: <app.utils.kg_build.knowledge.KnowledgeCodeBase object at 0x7f4f94a8ce50>
2025-08-11 09:14:47,995 - Knowledge - INFO - persist ingested knowledge for /app/data/b2c/4878/b3094or/react-notes-app-4878/src/components/Note.js
2025-08-11 09:14:47,995 - Knowledge - INFO - Found code-base-name: https://github.com/kavia-common/react-notes-app-4878.git:kavia-master
2025-08-11 09:14:47,995 - Knowledge - INFO - Found code_base: <app.utils.kg_build.knowledge.KnowledgeCodeBase object at 0x7f4f94a8ce50>
2025-08-11 09:14:47,995 - Knowledge - INFO - persist ingested knowledge for /app/data/b2c/4878/b3094or/react-notes-app-4878/src/index.js
2025-08-11 09:14:47,995 - Knowledge - INFO - Found code-base-name: https://github.com/kavia-common/react-notes-app-4878.git:kavia-master
2025-08-11 09:14:47,995 - Knowledge - INFO - Found code_base: <app.utils.kg_build.knowledge.KnowledgeCodeBase object at 0x7f4f94a8ce50>
2025-08-11 09:14:47,996 - Knowledge - INFO - persist ingested knowledge for /app/data/b2c/4878/b3094or/react-notes-app-4878/public/manifest.json
2025-08-11 09:14:47,996 - Knowledge - INFO - Found code-base-name: https://github.com/kavia-common/react-notes-app-4878.git:kavia-master
2025-08-11 09:14:47,997 - Knowledge - INFO - Found code_base: <app.utils.kg_build.knowledge.KnowledgeCodeBase object at 0x7f4f94a8ce50>
2025-08-11 09:14:47,997 - Knowledge - INFO - persist ingested knowledge for /app/data/b2c/4878/b3094or/react-notes-app-4878/public/robots.txt
2025-08-11 09:14:47,997 - Knowledge - INFO - Found code-base-name: https://github.com/kavia-common/react-notes-app-4878.git:kavia-master
2025-08-11 09:14:47,998 - Knowledge - INFO - Found code_base: <app.utils.kg_build.knowledge.KnowledgeCodeBase object at 0x7f4f94a8ce50>
2025-08-11 09:14:47,998 - Knowledge - INFO - persist ingested knowledge for /app/data/b2c/4878/b3094or/react-notes-app-4878/public/index.html
2025-08-11 09:14:47,998 - Knowledge - INFO - Found code-base-name: https://github.com/kavia-common/react-notes-app-4878.git:kavia-master
2025-08-11 09:14:48,000 - Knowledge - INFO - Found code_base: <app.utils.kg_build.knowledge.KnowledgeCodeBase object at 0x7f4f94a8ce50>
2025-08-11 09:14:48,003 - Knowledge - INFO - persist ingested knowledge for /app/data/b2c/4878/b3094or/react-notes-app-4878/src/components/AddNote.js
2025-08-11 09:14:48,008 - Knowledge - INFO - Found code-base-name: https://github.com/kavia-common/react-notes-app-4878.git:kavia-master
2025-08-11 09:14:48,009 - Knowledge - INFO - Found code-base-name: https://github.com/kavia-common/react-notes-app-4878.git:kavia-master
2025-08-11 09:14:48,009 - Knowledge - INFO - Found code_base: <app.utils.kg_build.knowledge.KnowledgeCodeBase object at 0x7f4f94a8ce50>
2025-08-11 09:14:48,010 - Knowledge - INFO - persist ingested knowledge for /app/data/b2c/4878/b3094or/react-notes-app-4878/src/components/Search.js
2025-08-11 09:14:48,009 - Knowledge - INFO - adding /app/data/b2c/4878/b3094or/react-notes-app-4878/src/App.js to ingest queue
2025-08-11 09:14:48,009 - Knowledge - INFO - Found code_base: <app.utils.kg_build.knowledge.KnowledgeCodeBase object at 0x7f4f94a8ce50>
2025-08-11 09:14:48,011 - Knowledge - INFO - adding /app/data/b2c/4878/b3094or/react-notes-app-4878/src/index.css to ingest queue
2025-08-11 09:14:48,011 - Knowledge - INFO - persist ingested knowledge for /app/data/b2c/4878/b3094or/react-notes-app-4878/package.json
2025-08-11 09:14:48,807 - Knowledge - INFO - adding /app/data/b2c/4878/b3094or/react-notes-app-4878/src/components/Search.js to ingest queue
2025-08-11 09:14:48,895 - Knowledge - INFO - worker kw9 pull /app/data/b2c/4878/b3094or/react-notes-app-4878/src/App.js from ingest queue
2025-08-11 09:14:48,895 - Knowledge - INFO - Thread kw9 - File App.js - Remaining files in queue: 2
2025-08-11 09:14:48,897 - Knowledge - INFO - adding /app/data/b2c/4878/b3094or/react-notes-app-4878/README.md to ingest queue
2025-08-11 09:14:48,898 - Knowledge - INFO - start ingest for /app/data/b2c/4878/b3094or/react-notes-app-4878/src/App.js
2025-08-11 09:14:48,898 - Knowledge - INFO - adding /app/data/b2c/4878/b3094or/react-notes-app-4878/src/components/Header.js to ingest queue
2025-08-11 09:14:48,899 - Knowledge - INFO - adding /app/data/b2c/4878/b3094or/react-notes-app-4878/src/components/Note.js to ingest queue
2025-08-11 09:14:48,900 - Knowledge - INFO - adding /app/data/b2c/4878/b3094or/react-notes-app-4878/package.json to ingest queue
2025-08-11 09:14:48,902 - Knowledge - INFO - adding /app/data/b2c/4878/b3094or/react-notes-app-4878/public/manifest.json to ingest queue
2025-08-11 09:14:48,902 - Knowledge - INFO - adding /app/data/b2c/4878/b3094or/react-notes-app-4878/public/robots.txt to ingest queue
2025-08-11 09:14:48,903 - Knowledge - INFO - adding /app/data/b2c/4878/b3094or/react-notes-app-4878/public/index.html to ingest queue
2025-08-11 09:14:48,904 - Knowledge - INFO - adding /app/data/b2c/4878/b3094or/react-notes-app-4878/src/components/AddNote.js to ingest queue
2025-08-11 09:14:48,905 - Knowledge - INFO - worker kw6 pull /app/data/b2c/4878/b3094or/react-notes-app-4878/src/index.css from ingest queue
2025-08-11 09:14:48,905 - Knowledge - INFO - Thread kw6 - File index.css - Remaining files in queue: 9
2025-08-11 09:14:48,905 - Knowledge - INFO - start ingest for /app/data/b2c/4878/b3094or/react-notes-app-4878/src/index.css
2025-08-11 09:14:48,906 - Knowledge - INFO - adding /app/data/b2c/4878/b3094or/react-notes-app-4878/src/components/NotesList.js to ingest queue
2025-08-11 09:14:48,906 - Knowledge - INFO - worker kw11 pull /app/data/b2c/4878/b3094or/react-notes-app-4878/src/components/Search.js from ingest queue
2025-08-11 09:14:48,906 - Knowledge - INFO - Thread kw11 - File Search.js - Remaining files in queue: 9
2025-08-11 09:14:48,907 - Knowledge - INFO - start ingest for /app/data/b2c/4878/b3094or/react-notes-app-4878/src/components/Search.js
2025-08-11 09:14:48,908 - Knowledge - INFO - worker kw5 pull /app/data/b2c/4878/b3094or/react-notes-app-4878/README.md from ingest queue
2025-08-11 09:14:48,908 - Knowledge - INFO - Thread kw5 - File README.md - Remaining files in queue: 8
2025-08-11 09:14:48,909 - Knowledge - INFO - start ingest for /app/data/b2c/4878/b3094or/react-notes-app-4878/README.md
2025-08-11 09:14:48,909 - Knowledge - INFO - worker kw4 pull /app/data/b2c/4878/b3094or/react-notes-app-4878/src/components/Header.js from ingest queue
2025-08-11 09:14:48,909 - Knowledge - INFO - Thread kw4 - File Header.js - Remaining files in queue: 7
2025-08-11 09:14:48,910 - Knowledge - INFO - start ingest for /app/data/b2c/4878/b3094or/react-notes-app-4878/src/components/Header.js
2025-08-11 09:14:48,911 - Knowledge - INFO - worker kw1 pull /app/data/b2c/4878/b3094or/react-notes-app-4878/src/components/Note.js from ingest queue
2025-08-11 09:14:48,911 - Knowledge - INFO - Thread kw1 - File Note.js - Remaining files in queue: 6
2025-08-11 09:14:48,911 - Knowledge - INFO - start ingest for /app/data/b2c/4878/b3094or/react-notes-app-4878/src/components/Note.js
2025-08-11 09:14:48,912 - Knowledge - INFO - adding /app/data/b2c/4878/b3094or/react-notes-app-4878/src/index.js to ingest queue
2025-08-11 09:14:48,916 - Knowledge - INFO - worker kw10 pull /app/data/b2c/4878/b3094or/react-notes-app-4878/package.json from ingest queue
2025-08-11 09:14:48,916 - Knowledge - INFO - Thread kw10 - File package.json - Remaining files in queue: 6
2025-08-11 09:14:48,917 - Knowledge - INFO - start ingest for /app/data/b2c/4878/b3094or/react-notes-app-4878/package.json
2025-08-11 09:14:48,918 - Knowledge - INFO - Fast-track processing for simple file: /app/data/b2c/4878/b3094or/react-notes-app-4878/src/components/Search.js
2025-08-11 09:14:48,918 - Knowledge - INFO - done fast ingest for /app/data/b2c/4878/b3094or/react-notes-app-4878/src/components/Search.js
2025-08-11 09:14:48,918 - Knowledge - INFO - Fast-track processing for simple file: /app/data/b2c/4878/b3094or/react-notes-app-4878/src/components/Header.js
2025-08-11 09:14:48,919 - Knowledge - INFO - done fast ingest for /app/data/b2c/4878/b3094or/react-notes-app-4878/src/components/Header.js
2025-08-11 09:14:48,919 - Knowledge - INFO - Fast-track processing for simple file: /app/data/b2c/4878/b3094or/react-notes-app-4878/README.md
2025-08-11 09:14:48,919 - Knowledge - INFO - done fast ingest for /app/data/b2c/4878/b3094or/react-notes-app-4878/README.md
2025-08-11 09:14:48,919 - Knowledge - INFO - process ingested knowledge for /app/data/b2c/4878/b3094or/react-notes-app-4878/README.md
2025-08-11 09:14:48,921 - Knowledge - INFO - worker kw13 pull /app/data/b2c/4878/b3094or/react-notes-app-4878/public/manifest.json from ingest queue
2025-08-11 09:14:48,921 - Knowledge - INFO - Thread kw13 - File manifest.json - Remaining files in queue: 5
2025-08-11 09:14:48,922 - Knowledge - INFO - start ingest for /app/data/b2c/4878/b3094or/react-notes-app-4878/public/manifest.json
2025-08-11 09:14:48,923 - Knowledge - INFO - worker kw7 pull /app/data/b2c/4878/b3094or/react-notes-app-4878/public/robots.txt from ingest queue
2025-08-11 09:14:48,923 - Knowledge - INFO - Thread kw7 - File robots.txt - Remaining files in queue: 4
2025-08-11 09:14:48,924 - Knowledge - INFO - start ingest for /app/data/b2c/4878/b3094or/react-notes-app-4878/public/robots.txt
2025-08-11 09:14:48,924 - Knowledge - INFO - worker kw2 pull /app/data/b2c/4878/b3094or/react-notes-app-4878/public/index.html from ingest queue
2025-08-11 09:14:48,924 - Knowledge - INFO - Thread kw2 - File index.html - Remaining files in queue: 3
2025-08-11 09:14:48,925 - Knowledge - INFO - start ingest for /app/data/b2c/4878/b3094or/react-notes-app-4878/public/index.html
2025-08-11 09:14:48,928 - Knowledge - INFO - Fast-track processing for simple file: /app/data/b2c/4878/b3094or/react-notes-app-4878/package.json
2025-08-11 09:14:48,929 - Knowledge - INFO - done fast ingest for /app/data/b2c/4878/b3094or/react-notes-app-4878/package.json
2025-08-11 09:14:48,930 - Knowledge - INFO - worker kw8 pull /app/data/b2c/4878/b3094or/react-notes-app-4878/src/components/AddNote.js from ingest queue
2025-08-11 09:14:48,930 - Knowledge - INFO - Thread kw8 - File AddNote.js - Remaining files in queue: 2
2025-08-11 09:14:48,930 - Knowledge - INFO - process ingested knowledge for /app/data/b2c/4878/b3094or/react-notes-app-4878/package.json
2025-08-11 09:14:48,932 - Knowledge - INFO - start ingest for /app/data/b2c/4878/b3094or/react-notes-app-4878/src/components/AddNote.js
2025-08-11 09:14:48,933 - Knowledge - INFO - worker kw12 pull /app/data/b2c/4878/b3094or/react-notes-app-4878/src/components/NotesList.js from ingest queue
2025-08-11 09:14:48,933 - Knowledge - INFO - Thread kw12 - File NotesList.js - Remaining files in queue: 1
2025-08-11 09:14:48,936 - Knowledge - INFO - start ingest for /app/data/b2c/4878/b3094or/react-notes-app-4878/src/components/NotesList.js
2025-08-11 09:14:48,936 - Knowledge - INFO - Fast-track processing for simple file: /app/data/b2c/4878/b3094or/react-notes-app-4878/src/components/Note.js
2025-08-11 09:14:48,936 - Knowledge - INFO - done fast ingest for /app/data/b2c/4878/b3094or/react-notes-app-4878/src/components/Note.js
2025-08-11 09:14:48,937 - Knowledge - INFO - Fast-track processing for simple file: /app/data/b2c/4878/b3094or/react-notes-app-4878/public/manifest.json
2025-08-11 09:14:48,937 - Knowledge - INFO - done fast ingest for /app/data/b2c/4878/b3094or/react-notes-app-4878/public/manifest.json
2025-08-11 09:14:48,938 - Knowledge - INFO - process ingested knowledge for /app/data/b2c/4878/b3094or/react-notes-app-4878/public/manifest.json
2025-08-11 09:14:48,938 - Knowledge - INFO - Found code-base-name: https://github.com/kavia-common/react-notes-app-4878.git:kavia-master
2025-08-11 09:14:48,938 - Knowledge - INFO - Found code_base: <app.utils.kg_build.knowledge.KnowledgeCodeBase object at 0x7f4f94a8ce50>
2025-08-11 09:14:48,938 - Knowledge - INFO - persist ingested knowledge for /app/data/b2c/4878/b3094or/react-notes-app-4878/README.md
2025-08-11 09:14:48,949 - Knowledge - INFO - Found code-base-name: https://github.com/kavia-common/react-notes-app-4878.git:kavia-master
2025-08-11 09:14:48,949 - Knowledge - INFO - Found code_base: <app.utils.kg_build.knowledge.KnowledgeCodeBase object at 0x7f4f94a8ce50>
2025-08-11 09:14:48,949 - Knowledge - INFO - persist ingested knowledge for /app/data/b2c/4878/b3094or/react-notes-app-4878/package.json
2025-08-11 09:14:48,966 - Knowledge - INFO - Found code-base-name: https://github.com/kavia-common/react-notes-app-4878.git:kavia-master
2025-08-11 09:14:48,966 - Knowledge - INFO - Found code_base: <app.utils.kg_build.knowledge.KnowledgeCodeBase object at 0x7f4f94a8ce50>
2025-08-11 09:14:48,966 - Knowledge - INFO - persist ingested knowledge for /app/data/b2c/4878/b3094or/react-notes-app-4878/public/manifest.json
2025-08-11 09:14:48,996 - Knowledge - INFO - Fast-track processing for simple file: /app/data/b2c/4878/b3094or/react-notes-app-4878/src/components/NotesList.js
2025-08-11 09:14:48,996 - Knowledge - INFO - done fast ingest for /app/data/b2c/4878/b3094or/react-notes-app-4878/src/components/NotesList.js
2025-08-11 09:14:48,999 - Knowledge - INFO - Fast-track processing for simple file: /app/data/b2c/4878/b3094or/react-notes-app-4878/public/robots.txt
2025-08-11 09:14:48,999 - Knowledge - INFO - done fast ingest for /app/data/b2c/4878/b3094or/react-notes-app-4878/public/robots.txt
2025-08-11 09:14:48,999 - Knowledge - INFO - process ingested knowledge for /app/data/b2c/4878/b3094or/react-notes-app-4878/public/robots.txt
2025-08-11 09:14:48,999 - Knowledge - INFO - process ingested knowledge for /app/data/b2c/4878/b3094or/react-notes-app-4878/src/components/Header.js
2025-08-11 09:14:49,009 - Knowledge - INFO - process ingested knowledge for /app/data/b2c/4878/b3094or/react-notes-app-4878/src/components/Search.js
2025-08-11 09:14:49,108 - Knowledge - INFO - process ingested knowledge for /app/data/b2c/4878/b3094or/react-notes-app-4878/src/components/Note.js
2025-08-11 09:14:49,122 - Knowledge - INFO - process ingested knowledge for /app/data/b2c/4878/b3094or/react-notes-app-4878/src/components/NotesList.js
2025-08-11 09:14:49,709 - Knowledge - INFO - worker kw10 pull /app/data/b2c/4878/b3094or/react-notes-app-4878/src/index.js from ingest queue
2025-08-11 09:14:49,710 - Knowledge - INFO - Thread kw10 - File index.js - Remaining files in queue: 0
2025-08-11 09:14:49,710 - Knowledge - INFO - start ingest for /app/data/b2c/4878/b3094or/react-notes-app-4878/src/index.js
2025-08-11 09:14:49,731 - Knowledge - INFO - Fast-track processing for simple file: /app/data/b2c/4878/b3094or/react-notes-app-4878/src/index.js
2025-08-11 09:14:49,731 - Knowledge - INFO - done fast ingest for /app/data/b2c/4878/b3094or/react-notes-app-4878/src/index.js
2025-08-11 09:14:49,740 - Knowledge - INFO - process ingested knowledge for /app/data/b2c/4878/b3094or/react-notes-app-4878/src/index.js
2025-08-11 09:14:49,878 - Knowledge - INFO - Found code-base-name: https://github.com/kavia-common/react-notes-app-4878.git:kavia-master
2025-08-11 09:14:49,878 - Knowledge - INFO - Found code_base: <app.utils.kg_build.knowledge.KnowledgeCodeBase object at 0x7f4f94a8ce50>
2025-08-11 09:14:49,878 - Knowledge - INFO - persist ingested knowledge for /app/data/b2c/4878/b3094or/react-notes-app-4878/src/components/Note.js
2025-08-11 09:14:49,878 - Knowledge - INFO - Found code-base-name: https://github.com/kavia-common/react-notes-app-4878.git:kavia-master
2025-08-11 09:14:49,879 - Knowledge - INFO - Found code_base: <app.utils.kg_build.knowledge.KnowledgeCodeBase object at 0x7f4f94a8ce50>
2025-08-11 09:14:49,879 - Knowledge - INFO - persist ingested knowledge for /app/data/b2c/4878/b3094or/react-notes-app-4878/src/components/Header.js
2025-08-11 09:14:49,879 - Knowledge - INFO - Found code-base-name: https://github.com/kavia-common/react-notes-app-4878.git:kavia-master
2025-08-11 09:14:49,879 - Knowledge - INFO - Found code_base: <app.utils.kg_build.knowledge.KnowledgeCodeBase object at 0x7f4f94a8ce50>
2025-08-11 09:14:49,879 - Knowledge - INFO - persist ingested knowledge for /app/data/b2c/4878/b3094or/react-notes-app-4878/src/index.js
2025-08-11 09:14:50,252 - Knowledge - INFO - Found code-base-name: https://github.com/kavia-common/react-notes-app-4878.git:kavia-master
2025-08-11 09:14:50,252 - Knowledge - INFO - Found code_base: <app.utils.kg_build.knowledge.KnowledgeCodeBase object at 0x7f4f94a8ce50>
2025-08-11 09:14:50,252 - Knowledge - INFO - persist ingested knowledge for /app/data/b2c/4878/b3094or/react-notes-app-4878/src/components/NotesList.js
2025-08-11 09:14:50,253 - Knowledge - INFO - Found code-base-name: https://github.com/kavia-common/react-notes-app-4878.git:kavia-master
2025-08-11 09:14:50,253 - Knowledge - INFO - Found code_base: <app.utils.kg_build.knowledge.KnowledgeCodeBase object at 0x7f4f94a8ce50>
2025-08-11 09:14:50,253 - Knowledge - INFO - persist ingested knowledge for /app/data/b2c/4878/b3094or/react-notes-app-4878/src/components/Search.js
2025-08-11 09:14:50,253 - Knowledge - INFO - Found code-base-name: https://github.com/kavia-common/react-notes-app-4878.git:kavia-master
2025-08-11 09:14:50,253 - Knowledge - INFO - Found code_base: <app.utils.kg_build.knowledge.KnowledgeCodeBase object at 0x7f4f94a8ce50>
2025-08-11 09:14:50,253 - Knowledge - INFO - persist ingested knowledge for /app/data/b2c/4878/b3094or/react-notes-app-4878/public/robots.txt
2025-08-11 09:14:52,059 - Knowledge - INFO - done ingest for /app/data/b2c/4878/b3094or/react-notes-app-4878/src/index.css
2025-08-11 09:14:52,060 - Knowledge - INFO - process ingested knowledge for /app/data/b2c/4878/b3094or/react-notes-app-4878/src/index.css
2025-08-11 09:14:52,067 - Knowledge - INFO - done ingest for /app/data/b2c/4878/b3094or/react-notes-app-4878/public/index.html
2025-08-11 09:14:52,067 - Knowledge - INFO - process ingested knowledge for /app/data/b2c/4878/b3094or/react-notes-app-4878/public/index.html
2025-08-11 09:14:52,125 - Knowledge - INFO - Found code-base-name: https://github.com/kavia-common/react-notes-app-4878.git:kavia-master
2025-08-11 09:14:52,125 - Knowledge - INFO - Found code_base: <app.utils.kg_build.knowledge.KnowledgeCodeBase object at 0x7f4f94a8ce50>
2025-08-11 09:14:52,125 - Knowledge - INFO - persist ingested knowledge for /app/data/b2c/4878/b3094or/react-notes-app-4878/public/index.html
2025-08-11 09:14:52,708 - Knowledge - INFO - Found code-base-name: https://github.com/kavia-common/react-notes-app-4878.git:kavia-master
2025-08-11 09:14:52,709 - Knowledge - INFO - Found code_base: <app.utils.kg_build.knowledge.KnowledgeCodeBase object at 0x7f4f94a8ce50>
2025-08-11 09:14:52,709 - Knowledge - INFO - persist ingested knowledge for /app/data/b2c/4878/b3094or/react-notes-app-4878/src/index.css
2025-08-11 09:14:55,077 - Knowledge - INFO - done ingest for /app/data/b2c/4878/b3094or/react-notes-app-4878/src/components/AddNote.js
2025-08-11 09:14:55,151 - Knowledge - INFO - process ingested knowledge for /app/data/b2c/4878/b3094or/react-notes-app-4878/src/components/AddNote.js
2025-08-11 09:14:55,370 - Knowledge - INFO - Found code-base-name: https://github.com/kavia-common/react-notes-app-4878.git:kavia-master
2025-08-11 09:14:55,372 - Knowledge - INFO - Found code_base: <app.utils.kg_build.knowledge.KnowledgeCodeBase object at 0x7f4f94a8ce50>
2025-08-11 09:14:55,372 - Knowledge - INFO - persist ingested knowledge for /app/data/b2c/4878/b3094or/react-notes-app-4878/src/components/AddNote.js
2025-08-11 09:14:55,628 - Knowledge - INFO - done ingest for /app/data/b2c/4878/b3094or/react-notes-app-4878/src/App.js
2025-08-11 09:14:55,641 - Knowledge - INFO - process ingested knowledge for /app/data/b2c/4878/b3094or/react-notes-app-4878/src/App.js
2025-08-11 09:14:56,486 - Knowledge - INFO - persist search terms embedding for src/components/AddNote.js
2025-08-11 09:14:56,493 - Knowledge - INFO - Found code-base-name: https://github.com/kavia-common/react-notes-app-4878.git:kavia-master
2025-08-11 09:14:56,493 - Knowledge - INFO - Found code_base: <app.utils.kg_build.knowledge.KnowledgeCodeBase object at 0x7f4f94a8ce50>
2025-08-11 09:14:56,494 - Knowledge - INFO - persist ingested knowledge for /app/data/b2c/4878/b3094or/react-notes-app-4878/src/App.js
2025-08-11 09:14:56,968 - Knowledge - INFO - persist search terms embedding for src/App.js
2025-08-11 09:14:56,972 - Knowledge - INFO - Knowledge creation complete
2025-08-11 09:14:56,974 - Knowledge - INFO - Updating org costs, total cost: 0.0009296
2025-08-11 09:14:57,330 - Knowledge - INFO - Saving knowledge to Redis...
2025-08-11 09:14:57,358 - Knowledge - INFO - Knowledge saved to Redis successfully
